<?xml version="1.0" encoding="utf-8"?><testsuites name="pytest tests"><testsuite name="pytest" errors="0" failures="0" skipped="1" tests="5" time="0.049" timestamp="2025-10-12T10:35:03.019282-03:00" hostname="MacBook-Air-de-Jean.local"><testcase classname="tests.test_auth_es512" name="test_jwt_es512_and_headers_in_get" time="0.016" /><testcase classname="tests.test_multi_env_config" name="test_sandbox_and_prod_have_distinct_bases" time="0.000" /><testcase classname="tests.test_signed_client_methods" name="test_post_sends_md5_of_body" time="0.002" /><testcase classname="tests.test_signed_client_methods" name="test_delete_is_also_signed_with_md5" time="0.002" /><testcase classname="tests.test_smoke_qitech" name="test_smoke_post_and_get" time="0.000"><skipped type="pytest.skip" message="set RUN_INTEGRATION=1 to enable">/Users/jeanpires/GitHub/plugqi/tests/test_smoke_qitech.py:5: set RUN_INTEGRATION=1 to enable</skipped></testcase></testsuite></testsuites>